pytest : c:\Users\USUARIO\AppData\Local\Programs\Python\Python313\Lib\site-pack
ages\pytest_asyncio\plugin.py:207: PytestDeprecationWarning: The configuration 
option "asyncio_default_fixture_loop_scope" is unset.
En línea: 1 Carácter: 1
+ pytest tests/unit/test_domain_and_usecases.py -q > pytest_output.txt  ...
+ ~~~~~~~~~~~~~~~~~~~~~~~~~~~~~~~~~~~~~~~~~~~~~~~~~~~~~~~~~~~~~~~~~~~~~
    + CategoryInfo          : NotSpecified: (c:\Users\USUARI...cope" is unset. 
   :String) [], RemoteException
    + FullyQualifiedErrorId : NativeCommandError
 
The event loop scope for asynchronous fixtures will default to the fixture 
caching scope. Future versions of pytest-asyncio will default the loop scope 
for asynchronous fixtures to function scope. Set the default fixture loop 
scope explicitly in order to avoid unexpected behavior in the future. Valid 
fixture loop scopes are: "function", "class", "module", "package", "session"

  warnings.warn(PytestDeprecationWarning(_DEFAULT_FIXTURE_LOOP_SCOPE_UNSET))
..FFF....FFFFF........FFFFF....                                          [100%]
================================== FAILURES ===================================
______________ TestChatbotDomainService.test_detect_intent_stats ______________

self = <tests.unit.test_domain_and_usecases.TestChatbotDomainService object at 0x000001A42CB87230>

    def test_detect_intent_stats(self):
>       assert self.service.detect_intent("quÚ stats tiene el guerrero") == "hero_stats"
E       AssertionError: assert 'hero_query' == 'hero_stats'
E         
E         - hero_stats
E         + hero_query

tests\unit\test_domain_and_usecases.py:77: AssertionError
____________ TestChatbotDomainService.test_detect_intent_greeting _____________

self = <tests.unit.test_domain_and_usecases.TestChatbotDomainService object at 0x000001A42CB87490>

    def test_detect_intent_greeting(self):
>       assert self.service.detect_intent("hola, necesito ayuda") == "greeting"
E       AssertionError: assert 'general' == 'greeting'
E         
E         - greeting
E         + general

tests\unit\test_domain_and_usecases.py:80: AssertionError
_____________ TestChatbotDomainService.test_detect_intent_general _____________

self = <tests.unit.test_domain_and_usecases.TestChatbotDomainService object at 0x000001A42D488950>

    def test_detect_intent_general(self):
>       assert self.service.detect_intent("algo completamente fuera de tema") == "general"
E       AssertionError: assert 'hero_query' == 'general'
E         
E         - general
E         + hero_query

tests\unit\test_domain_and_usecases.py:83: AssertionError
_________ TestChatbotDomainService.test_validate_message_length_valid _________

self = <tests.unit.test_domain_and_usecases.TestChatbotDomainService object at 0x000001A42D3CEE40>

    def test_validate_message_length_valid(self):
>       assert self.service.validate_message_length("hola") is True
E       AttributeError: 'ChatbotDomainService' object has no attribute 'validate_message_length'

tests\unit\test_domain_and_usecases.py:101: AttributeError
_________ TestChatbotDomainService.test_validate_message_length_empty _________

self = <tests.unit.test_domain_and_usecases.TestChatbotDomainService object at 0x000001A42D3CE300>

    def test_validate_message_length_empty(self):
>       assert self.service.validate_message_length("") is False
E       AttributeError: 'ChatbotDomainService' object has no attribute 'validate_message_length'

tests\unit\test_domain_and_usecases.py:104: AttributeError
_______ TestChatbotDomainService.test_validate_message_length_too_long ________

self = <tests.unit.test_domain_and_usecases.TestChatbotDomainService object at 0x000001A42D485E10>

    def test_validate_message_length_too_long(self):
>       assert self.service.validate_message_length("x" * 501) is False
E       AttributeError: 'ChatbotDomainService' object has no attribute 'validate_message_length'

tests\unit\test_domain_and_usecases.py:107: AttributeError
_____________ TestChatbotDomainService.test_format_hero_for_chat ______________

self = <tests.unit.test_domain_and_usecases.TestChatbotDomainService object at 0x000001A42D485FD0>

    def test_format_hero_for_chat(self):
        hero = make_hero()
>       result = self.service.format_hero_for_chat(hero)
E       AttributeError: 'ChatbotDomainService' object has no attribute 'format_hero_for_chat'

tests\unit\test_domain_and_usecases.py:111: AttributeError
_____________ TestChatbotDomainService.test_format_item_for_chat ______________

self = <tests.unit.test_domain_and_usecases.TestChatbotDomainService object at 0x000001A42D478BB0>

    def test_format_item_for_chat(self):
        item = make_item()
>       result = self.service.format_item_for_chat(item)
E       AttributeError: 'ChatbotDomainService' object has no attribute 'format_item_for_chat'

tests\unit\test_domain_and_usecases.py:117: AttributeError
___________ TestSendMessageUseCase.test_happy_path_returns_response ___________

self = <tests.unit.test_domain_and_usecases.TestSendMessageUseCase object at 0x000001A42D3EB9D0>

    @pytest.mark.asyncio
    async def test_happy_path_returns_response(self):
>       result = await self.use_case.execute(
            SendMessageInput(user_id="user_001", message="┐Cußles son los hÚroes?")
        )

tests\unit\test_domain_and_usecases.py:189: 
_ _ _ _ _ _ _ _ _ _ _ _ _ _ _ _ _ _ _ _ _ _ _ _ _ _ _ _ _ _ _ _ _ _ _ _ _ _ _ _

self = <src.application.usecases.send_message.SendMessageUseCase object at 0x000001A42D443E00>
input_data = SendMessageInput(user_id='user_001', message='┐Cußles son los hÚroes?')

    async def execute(self, input_data: SendMessageInput) -> SendMessageOutput:
        # 1. Validar mensaje
>       if not self._domain.validate_message_length(input_data.message):
E       AttributeError: 'ChatbotDomainService' object has no attribute 'validate_message_length'

src\application\usecases\send_message.py:70: AttributeError
________ TestSendMessageUseCase.test_inappropriate_message_is_filtered ________

self = <tests.unit.test_domain_and_usecases.TestSendMessageUseCase object at 0x000001A42D3EBB10>

    @pytest.mark.asyncio
    async def test_inappropriate_message_is_filtered(self):
>       result = await self.use_case.execute(
            SendMessageInput(user_id="user_001", message="esto es un hack")
        )

tests\unit\test_domain_and_usecases.py:199: 
_ _ _ _ _ _ _ _ _ _ _ _ _ _ _ _ _ _ _ _ _ _ _ _ _ _ _ _ _ _ _ _ _ _ _ _ _ _ _ _

self = <src.application.usecases.send_message.SendMessageUseCase object at 0x000001A42D4BA490>
input_data = SendMessageInput(user_id='user_001', message='esto es un hack')

    async def execute(self, input_data: SendMessageInput) -> SendMessageOutput:
        # 1. Validar mensaje
>       if not self._domain.validate_message_length(input_data.message):
E       AttributeError: 'ChatbotDomainService' object has no attribute 'validate_message_length'

src\application\usecases\send_message.py:70: AttributeError
_____ TestSendMessageUseCase.test_empty_message_returns_validation_error ______

self = <tests.unit.test_domain_and_usecases.TestSendMessageUseCase object at 0x000001A42CB87820>

    @pytest.mark.asyncio
    async def test_empty_message_returns_validation_error(self):
>       result = await self.use_case.execute(
            SendMessageInput(user_id="user_001", message="   ")
        )

tests\unit\test_domain_and_usecases.py:207: 
_ _ _ _ _ _ _ _ _ _ _ _ _ _ _ _ _ _ _ _ _ _ _ _ _ _ _ _ _ _ _ _ _ _ _ _ _ _ _ _

self = <src.application.usecases.send_message.SendMessageUseCase object at 0x000001A42D4BA990>
input_data = SendMessageInput(user_id='user_001', message='   ')

    async def execute(self, input_data: SendMessageInput) -> SendMessageOutput:
        # 1. Validar mensaje
>       if not self._domain.validate_message_length(input_data.message):
E       AttributeError: 'ChatbotDomainService' object has no attribute 'validate_message_length'

src\application\usecases\send_message.py:70: AttributeError
__ TestSendMessageUseCase.test_ai_gateway_error_returns_service_unavailable ___

self = <tests.unit.test_domain_and_usecases.TestSendMessageUseCase object at 0x000001A42CB87950>

    @pytest.mark.asyncio
    async def test_ai_gateway_error_returns_service_unavailable(self):
        self.ai_gateway.generate_response.side_effect = AIGatewayError("timeout")
>       result = await self.use_case.execute(
            SendMessageInput(user_id="user_001", message="┐QuÚ armas hay?")
        )

tests\unit\test_domain_and_usecases.py:215: 
_ _ _ _ _ _ _ _ _ _ _ _ _ _ _ _ _ _ _ _ _ _ _ _ _ _ _ _ _ _ _ _ _ _ _ _ _ _ _ _

self = <src.application.usecases.send_message.SendMessageUseCase object at 0x000001A42D510FC0>
input_data = SendMessageInput(user_id='user_001', message='┐QuÚ armas hay?')

    async def execute(self, input_data: SendMessageInput) -> SendMessageOutput:
        # 1. Validar mensaje
>       if not self._domain.validate_message_length(input_data.message):
E       AttributeError: 'ChatbotDomainService' object has no attribute 'validate_message_length'

src\application\usecases\send_message.py:70: AttributeError
_________ TestSendMessageUseCase.test_session_is_saved_after_response _________

self = <tests.unit.test_domain_and_usecases.TestSendMessageUseCase object at 0x000001A42D4AC3B0>

    @pytest.mark.asyncio
    async def test_session_is_saved_after_response(self):
>       await self.use_case.execute(
            SendMessageInput(user_id="user_001", message="┐Cußles son los Ýtems?")
        )

tests\unit\test_domain_and_usecases.py:222: 
_ _ _ _ _ _ _ _ _ _ _ _ _ _ _ _ _ _ _ _ _ _ _ _ _ _ _ _ _ _ _ _ _ _ _ _ _ _ _ _

self = <src.application.usecases.send_message.SendMessageUseCase object at 0x000001A42D5110F0>
input_data = SendMessageInput(user_id='user_001', message='┐Cußles son los Ýtems?')

    async def execute(self, input_data: SendMessageInput) -> SendMessageOutput:
        # 1. Validar mensaje
>       if not self._domain.validate_message_length(input_data.message):
E       AttributeError: 'ChatbotDomainService' object has no attribute 'validate_message_length'

src\application\usecases\send_message.py:70: AttributeError
============================== warnings summary ===============================
tests/unit/test_domain_and_usecases.py::TestGetHistoryUseCase::test_returns_history_for_existing_user
tests/unit/test_domain_and_usecases.py::TestGetHistoryUseCase::test_returns_history_for_existing_user
  <string>:5: DeprecationWarning: datetime.datetime.utcnow() is deprecated and scheduled for removal in a future version. Use timezone-aware objects to represent datetimes in UTC: datetime.datetime.now(datetime.UTC).

-- Docs: https://docs.pytest.org/en/stable/how-to/capture-warnings.html
=========================== short test summary info ===========================
FAILED tests/unit/test_domain_and_usecases.py::TestChatbotDomainService::test_detect_intent_stats
FAILED tests/unit/test_domain_and_usecases.py::TestChatbotDomainService::test_detect_intent_greeting
FAILED tests/unit/test_domain_and_usecases.py::TestChatbotDomainService::test_detect_intent_general
FAILED tests/unit/test_domain_and_usecases.py::TestChatbotDomainService::test_validate_message_length_valid
FAILED tests/unit/test_domain_and_usecases.py::TestChatbotDomainService::test_validate_message_length_empty
FAILED tests/unit/test_domain_and_usecases.py::TestChatbotDomainService::test_validate_message_length_too_long
FAILED tests/unit/test_domain_and_usecases.py::TestChatbotDomainService::test_format_hero_for_chat
FAILED tests/unit/test_domain_and_usecases.py::TestChatbotDomainService::test_format_item_for_chat
FAILED tests/unit/test_domain_and_usecases.py::TestSendMessageUseCase::test_happy_path_returns_response
FAILED tests/unit/test_domain_and_usecases.py::TestSendMessageUseCase::test_inappropriate_message_is_filtered
FAILED tests/unit/test_domain_and_usecases.py::TestSendMessageUseCase::test_empty_message_returns_validation_error
FAILED tests/unit/test_domain_and_usecases.py::TestSendMessageUseCase::test_ai_gateway_error_returns_service_unavailable
FAILED tests/unit/test_domain_and_usecases.py::TestSendMessageUseCase::test_session_is_saved_after_response
13 failed, 18 passed, 2 warnings in 0.13s
